---
source: tests/zod.rs
expression: "String :: from_utf8(stdout.into_inner().unwrap()).unwrap()"
---
export const ASchema: z.ZodLazy<z.ZodIntersection<z.ZodObject<{
"foo":z.ZodString}>,z.ZodUnion<readonly [z.ZodObject<{
"bar":z.ZodString}>,z.ZodObject<{}>]>>> = z.lazy(() => z.object({
"foo":z.string()}).and(
z.object({
"bar":z.string()}).or(z.object({})))
);
export const BSchema: z.ZodLazy<z.ZodIntersection<z.ZodObject<{
"foo":z.ZodString}>,z.ZodUnion<readonly [typeof BarSchema,z.ZodObject<{}>]>>> = z.lazy(() => z.object({
"foo":z.string()}).and(
BarSchema.or(z.object({})))
);
export const 
BarSchema: z.ZodType = z.lazy(() => z.object({
"bar":z.string()}));
